C51 COMPILER V9.60.0.0   TYPE                                                              06/30/2019 14:48:08 PAGE 1   


C51 COMPILER V9.60.0.0, COMPILATION OF MODULE TYPE
OBJECT MODULE PLACED IN .\Objects\type.obj
COMPILER INVOKED BY: C:\Keil_v5\C51\BIN\C51.EXE src\universal\type.c OPTIMIZE(8,SPEED) BROWSE DEBUG OBJECTEXTEND PRINT(.
                    -\Listings\type.lst) TABS(2) OBJECT(.\Objects\type.obj)

line level    source

   1          #include "type.h"
   2          
   3          // static 函数部分, 对应成员函数
   4          static Sts _infor_get_sts(Infor* self) { return self->sts; }
   5          
   6          static void _infor_set_sts(Infor* self, Sts status) { self->sts = status; }
   7          
   8          static uint8 _infor_get_n(Infor* self) { return self->n; }
   9          
  10          static void _infor_set_n(Infor* self, uint8 n) { self->n = n; }
  11          
  12          static uint16 _infor_get_s(Infor* self) { return self->s; }
  13          
  14          static void _infor_set_s(Infor* self, uint16 s) { self->s = s; }
  15          
  16          static void _infor_get_passwd(Infor* self, char passwd[4]) {
  17   1        passwd = self->passwd;
  18   1      }
  19          
  20          static void _infor_set_passwd(Infor* self, char passwd[4]) {
  21   1        uint8 i;
  22   1        for (i = 0; i < 4; ++i) {
  23   2          self->passwd[i] = passwd[i];
  24   2        }
  25   1      }
  26          
  27          // 密码锁信息对象 (单例对象)
  28          static Infor infor = {
  29            LOCK, 3, 30, {'0', '0', '0', '0'},
  30            _infor_get_sts, _infor_set_sts, _infor_get_n, _infor_set_n,
  31            _infor_get_s, _infor_set_s, _infor_get_passwd, _infor_set_passwd
  32          };
  33          
  34          Infor* generator_infor(void) {
  35   1        return &infor;
  36   1      }


MODULE INFORMATION:   STATIC OVERLAYABLE
   CODE SIZE        =    193    ----
   CONSTANT SIZE    =   ----    ----
   XDATA SIZE       =   ----    ----
   PDATA SIZE       =   ----    ----
   DATA SIZE        =     31      13
   IDATA SIZE       =   ----    ----
   BIT SIZE         =   ----    ----
END OF MODULE INFORMATION.


C51 COMPILATION COMPLETE.  0 WARNING(S),  0 ERROR(S)
